// Jest Snapshot v1, https://goo.gl/fbAQLP

exports[`Calculator snapshot Renders the Calculator page 1`] = `
<div
  className="container"
>
  <h1>
    Basic  Calculator
  </h1>
  <h2>
    0
  </h2>
  <div
    className="board-row"
  >
    <button
      onClick={[Function]}
      type="button"
    >
      AC
    </button>
    <button
      onClick={[Function]}
      type="button"
    >
      +/-
    </button>
    <button
      onClick={[Function]}
      type="button"
    >
      %
    </button>
    <button
      onClick={[Function]}
      type="button"
    >
      /
    </button>
  </div>
  <div
    className="board-row"
  >
    <button
      onClick={[Function]}
      type="button"
    >
      7
    </button>
    <button
      onClick={[Function]}
      type="button"
    >
      8
    </button>
    <button
      onClick={[Function]}
      type="button"
    >
      9
    </button>
    <button
      onClick={[Function]}
      type="button"
    >
      *
    </button>
  </div>
  <div
    className="board-row"
  >
    <button
      onClick={[Function]}
      type="button"
    >
      4
    </button>
    <button
      onClick={[Function]}
      type="button"
    >
      5
    </button>
    <button
      onClick={[Function]}
      type="button"
    >
      6
    </button>
    <button
      onClick={[Function]}
      type="button"
    >
      -
    </button>
  </div>
  <div
    className="board-row"
  >
    <button
      onClick={[Function]}
      type="button"
    >
      1
    </button>
    <button
      onClick={[Function]}
      type="button"
    >
      2
    </button>
    <button
      onClick={[Function]}
      type="button"
    >
      3
    </button>
    <button
      onClick={[Function]}
      type="button"
    >
      +
    </button>
  </div>
  <div
    className="board-row"
  >
    <span>
      <button
        onClick={[Function]}
        type="button"
      >
        0
      </button>
    </span>
    <button
      onClick={[Function]}
      type="button"
    >
      .
    </button>
    <button
      onClick={[Function]}
      type="button"
    >
      =
    </button>
  </div>
</div>
`;
